\BOOKMARK [1][-]{section*.2}{\376\377\004\036\004\061\004\076\004\067\004\075\004\060\004\107\004\065\004\075\004\070\004\117}{}% 1
\BOOKMARK [1][-]{section*.3}{\376\377\004\022\004\062\004\065\004\064\004\065\004\075\004\070\004\065}{}% 2
\BOOKMARK [1][-]{section.1}{\376\377\004\020\004\073\004\063\004\065\004\061\004\100\004\060\000\040\004\101\004\076\004\061\004\113\004\102\004\070\004\071}{}% 3
\BOOKMARK [2][-]{subsection.1.1}{\376\377\004\036\004\101\004\075\004\076\004\062\004\075\004\113\004\065\000\040\004\076\004\077\004\100\004\065\004\064\004\065\004\073\004\065\004\075\004\070\004\117}{section.1}% 4
\BOOKMARK [3][-]{subsubsection.1.1.1}{\376\377\004\041\004\076\004\061\004\113\004\102\004\070\004\117\000.\000\040\004\030\004\101\004\105\004\076\004\064\004\113\000.\000\040\004\037\004\100\004\076\004\101\004\102\004\100\004\060\004\075\004\101\004\102\004\062\004\076\000\040\004\115\004\073\004\065\004\074\004\065\004\075\004\102\004\060\004\100\004\075\004\113\004\105\000\040\004\070\004\101\004\105\004\076\004\064\004\076\004\062}{subsection.1.1}% 5
\BOOKMARK [3][-]{subsubsection.1.1.2}{\376\377\004\036\004\077\004\065\004\100\004\060\004\106\004\070\004\070\000\040\004\075\004\060\004\064\000\040\004\101\004\076\004\061\004\113\004\102\004\070\004\117\004\074\004\070}{subsection.1.1}% 6
\BOOKMARK [2][-]{subsection.1.2}{\376\377\004\032\004\073\004\060\004\101\004\101\004\070\004\107\004\065\004\101\004\072\004\060\004\117\000\040\004\101\004\105\004\065\004\074\004\060\000\040\004\102\004\065\004\076\004\100\004\070\004\070\000\040\004\062\004\065\004\100\004\076\004\117\004\102\004\075\004\076\004\101\004\102\004\065\004\071}{section.1}% 7
\BOOKMARK [2][-]{subsection.1.3}{\376\377\004\034\004\065\004\100\004\060\000.\000\040\004\023\004\065\004\076\004\074\004\065\004\102\004\100\004\070\004\107\004\065\004\101\004\072\004\060\004\117\000\040\004\062\004\065\004\100\004\076\004\117\004\102\004\075\004\076\004\101\004\102\004\114}{section.1}% 8
\BOOKMARK [3][-]{subsubsection.1.3.1}{\376\377\004\034\004\065\004\100\004\060\000\040\004\026\004\076\004\100\004\064\004\060\004\075\004\060}{subsection.1.3}% 9
\BOOKMARK [3][-]{subsubsection.1.3.2}{\376\377\004\037\004\076\004\072\004\100\004\113\004\102\004\070\004\065\000\040\004\074\004\075\004\076\004\066\004\065\004\101\004\102\004\062\004\060}{subsection.1.3}% 10
\BOOKMARK [3][-]{subsubsection.1.3.3}{\376\377\004\034\004\065\004\100\004\060\000\040\004\033\004\065\004\061\004\065\004\063\004\060}{subsection.1.3}% 11
\BOOKMARK [3][-]{subsubsection.1.3.4}{\376\377\004\023\004\065\004\076\004\074\004\065\004\102\004\100\004\070\004\107\004\065\004\101\004\072\004\060\004\117\000\040\004\062\004\065\004\100\004\076\004\117\004\102\004\075\004\076\004\101\004\102\004\114}{subsection.1.3}% 12
\BOOKMARK [2][-]{subsection.1.4}{\376\377\004\020\004\072\004\101\004\070\004\076\004\074\004\060\004\102\004\070\004\072\004\060\000\040\004\032\004\076\004\073\004\074\004\076\004\063\004\076\004\100\004\076\004\062\004\060}{section.1}% 13
\BOOKMARK [2][-]{subsection.1.5}{\376\377\004\043\004\101\004\073\004\076\004\062\004\075\004\060\004\117\000\040\004\062\004\065\004\100\004\076\004\117\004\102\004\075\004\076\004\101\004\102\004\114\000.\000\040\004\035\004\065\004\067\004\060\004\062\004\070\004\101\004\070\004\074\004\113\004\065\000\040\004\101\004\076\004\061\004\113\004\102\004\070\004\117}{section.1}% 14
\BOOKMARK [2][-]{subsection.1.6}{\376\377\004\044\004\076\004\100\004\074\004\103\004\073\004\060\000\040\004\077\004\076\004\073\004\075\004\076\004\071\000\040\004\062\004\065\004\100\004\076\004\117\004\102\004\075\004\076\004\101\004\102\004\070\000.\000\040\004\044\004\076\004\100\004\074\004\103\004\073\004\060\000\040\004\021\004\060\004\071\004\065\004\101\004\060}{section.1}% 15
\BOOKMARK [3][-]{subsubsection.1.6.1}{\376\377\004\022\004\062\004\065\004\064\004\065\004\075\004\070\004\065\000\040\004\062\000\040\004\102\004\065\004\076\004\100\004\070\004\116\000\040\004\063\004\100\004\103\004\077\004\077}{subsection.1.6}% 16
\BOOKMARK [3][-]{subsubsection.1.6.2}{\376\377\004\044\004\076\004\100\004\074\004\103\004\073\004\060\000\040\004\077\004\076\004\073\004\075\004\076\004\071\000\040\004\062\004\065\004\100\004\076\004\117\004\102\004\075\004\076\004\101\004\102\004\070}{subsection.1.6}% 17
\BOOKMARK [3][-]{subsubsection.1.6.3}{\376\377\004\044\004\076\004\100\004\074\004\103\004\073\004\060\000\040\004\021\004\060\004\071\004\065\004\101\004\060}{subsection.1.6}% 18
\BOOKMARK [3][-]{subsubsection.1.6.4}{\376\377\004\046\004\065\004\077\004\070\000\040\004\034\004\060\004\100\004\072\004\076\004\062\004\060}{subsection.1.6}% 19
\BOOKMARK [1][-]{section.2}{\376\377\004\041\004\073\004\103\004\107\004\060\004\071\004\075\004\113\004\065\000\040\004\062\004\065\004\073\004\070\004\107\004\070\004\075\004\113}{}% 20
\BOOKMARK [2][-]{subsection.2.1}{\376\377\004\030\004\075\004\102\004\065\004\063\004\100\004\060\004\073\000\040\004\033\004\065\004\061\004\065\004\063\004\060}{section.2}% 21
\BOOKMARK [2][-]{subsection.2.2}{\376\377\004\041\004\073\004\103\004\107\004\060\004\071\004\075\004\060\004\117\000\040\004\062\004\065\004\073\004\070\004\107\004\070\004\075\004\060}{section.2}% 22
\BOOKMARK [3][-]{subsubsection.2.2.1}{\376\377\004\040\004\060\004\101\004\077\004\100\004\065\004\064\004\065\004\073\004\065\004\075\004\070\004\065\000\040\004\101\004\073\004\103\004\107\004\060\004\071\004\075\004\076\004\071\000\040\004\062\004\065\004\073\004\070\004\107\004\070\004\075\004\113}{subsection.2.2}% 23
\BOOKMARK [3][-]{subsubsection.2.2.2}{\376\377\004\037\004\073\004\076\004\102\004\075\004\076\004\101\004\102\004\114\000\040\004\100\004\060\004\101\004\077\004\100\004\065\004\064\004\065\004\073\004\065\004\075\004\070\004\117\000\040\004\101\004\073\004\103\004\107\004\060\004\071\004\075\004\076\004\071\000\040\004\062\004\065\004\073\004\070\004\107\004\070\004\075\004\113}{subsection.2.2}% 24
\BOOKMARK [2][-]{subsection.2.3}{\376\377\004\034\004\060\004\102\004\065\004\074\004\060\004\102\004\070\004\107\004\065\004\101\004\072\004\076\004\065\000\040\004\076\004\066\004\070\004\064\004\060\004\075\004\070\004\065}{section.2}% 25
\BOOKMARK [2][-]{subsection.2.4}{\376\377\004\024\004\070\004\101\004\072\004\100\004\065\004\102\004\075\004\113\004\065\000\040\004\101\004\073\004\103\004\107\004\060\004\071\004\075\004\113\004\065\000\040\004\062\004\065\004\073\004\070\004\107\004\070\004\075\004\113}{section.2}% 26
\BOOKMARK [2][-]{subsection.2.5}{\376\377\004\035\004\065\004\077\004\100\004\065\004\100\004\113\004\062\004\075\004\113\004\065\000\040\004\101\004\073\004\103\004\107\004\060\004\071\004\075\004\113\004\065\000\040\004\062\004\065\004\073\004\070\004\107\004\070\004\075\004\113}{section.2}% 27
\BOOKMARK [2][-]{subsection.2.6}{\376\377\004\045\004\060\004\100\004\060\004\072\004\102\004\065\004\100\004\070\004\101\004\102\004\070\004\072\004\070\000\040\004\101\004\073\004\103\004\107\004\060\004\071\004\075\004\113\004\105\000\040\004\062\004\065\004\073\004\070\004\107\004\070\004\075}{section.2}% 28
\BOOKMARK [2][-]{subsection.2.7}{\376\377\004\034\004\075\004\076\004\063\004\076\004\074\004\065\004\100\004\075\004\113\004\065\000\040\004\101\004\073\004\103\004\107\004\060\004\071\004\075\004\113\004\065\000\040\004\062\004\065\004\073\004\070\004\107\004\070\004\075\004\113}{section.2}% 29
\BOOKMARK [2][-]{subsection.2.8}{\376\377\004\032\004\076\004\100\004\100\004\065\004\073\004\117\004\106\004\070\004\117\000\040\004\070\000\040\004\075\004\065\004\067\004\060\004\062\004\070\004\101\004\070\004\074\004\076\004\101\004\102\004\114\000\040\004\101\004\073\004\103\004\107\004\060\004\071\004\075\004\113\004\105\000\040\004\062\004\065\004\073\004\070\004\107\004\070\004\075}{section.2}% 30
\BOOKMARK [2][-]{subsection.2.9}{\376\377\004\043\004\101\004\073\004\076\004\062\004\075\004\113\004\065\000\040\004\100\004\060\004\101\004\077\004\100\004\065\004\064\004\065\004\073\004\065\004\075\004\070\004\117\000.\000\040\004\044\004\076\004\100\004\074\004\103\004\073\004\113\000\040\004\101\004\062\004\065\004\100\004\102\004\072\004\070}{section.2}% 31
\BOOKMARK [2][-]{subsection.2.10}{\376\377\004\045\004\060\004\100\004\060\004\072\004\102\004\065\004\100\004\070\004\101\004\102\004\070\004\107\004\065\004\101\004\072\004\060\004\117\000\040\004\104\004\103\004\075\004\072\004\106\004\070\004\117}{section.2}% 32
\BOOKMARK [2][-]{subsection.2.11}{\376\377\004\034\004\075\004\076\004\063\004\076\004\074\004\065\004\100\004\075\004\076\004\065\000\040\004\075\004\076\004\100\004\074\004\060\004\073\004\114\004\075\004\076\004\065\000\040\004\100\004\060\004\101\004\077\004\100\004\065\004\064\004\065\004\073\004\065\004\075\004\070\004\065}{section.2}% 33
\BOOKMARK [1][-]{section.3}{\376\377\004\037\004\100\004\065\004\064\004\065\004\073\004\114\004\075\004\113\004\065\000\040\004\102\004\065\004\076\004\100\004\065\004\074\004\113}{}% 34
\BOOKMARK [2][-]{subsection.3.1}{\376\377\004\035\004\065\004\100\004\060\004\062\004\065\004\075\004\101\004\102\004\062\004\060\000\040\004\102\004\065\004\076\004\100\004\070\004\070\000\040\004\062\004\065\004\100\004\076\004\117\004\102\004\075\004\076\004\101\004\102\004\070}{section.3}% 35
\BOOKMARK [2][-]{subsection.3.2}{\376\377\004\022\004\070\004\064\004\113\000\040\004\101\004\105\004\076\004\064\004\070\004\074\004\076\004\101\004\102\004\070\000\040\004\101\004\073\004\103\004\107\004\060\004\071\004\075\004\113\004\105\000\040\004\062\004\065\004\073\004\070\004\107\004\070\004\075}{section.3}% 36
\BOOKMARK [2][-]{subsection.3.3}{\376\377\004\042\004\065\004\076\004\100\004\065\004\074\004\060\000\040\004\037\004\103\004\060\004\101\004\101\004\076\004\075\004\060\000.\000\040\004\042\004\065\004\076\004\100\004\065\004\074\004\113\000\040\004\034\004\103\004\060\004\062\004\100\004\060\000-\004\033\004\060\004\077\004\073\004\060\004\101\004\060\000.}{section.3}% 37
\BOOKMARK [2][-]{subsection.3.4}{\376\377\004\027\004\060\004\072\004\076\004\075\004\113\000\040\004\061\004\076\004\073\004\114\004\110\004\070\004\105\000\040\004\107\004\070\004\101\004\065\004\073}{section.3}% 38
\BOOKMARK [2][-]{subsection.3.5}{\376\377\004\046\004\065\004\075\004\102\004\100\004\060\004\073\004\114\004\075\004\060\004\117\000\040\004\077\004\100\004\065\004\064\004\065\004\073\004\114\004\075\004\060\004\117\000\040\004\102\004\065\004\076\004\100\004\065\004\074\004\060}{section.3}% 39
